[90m┌[m 1 Namespaces [90m────────────────────┐[m[90m┌[m [1mBody[m[90m │ [m[90mProperties[m[90m │ [m[90mSystem[m [90m──────────────────────────────────────────────────────┐[m
[90m│[m▸ sb-prod-weu                     [90m│[m[90m│[m[33m sessionful: active messages need a session lock (not in v0.1). The DLQ tab[m       [90m│[m
[90m│[m  sb-test-weu                     [90m│[m[90m│[m[33m works: press tab.[m                                                                [90m│[m
[90m├[m 2 Entities [90m──────────────────────┤[m[90m│[m                                                                                  [90m│[m
[90m│[m▸ invoices                  [33mDLQ  3[m[90m│[m[90m│[m                                                                                  [90m│[m
[90m│[m  order-events/billing      [33mDLQ 12[m[90m│[m[90m│[m                                                                                  [90m│[m
[90m│[m  order-events/shipping     [90mDLQ  0[m[90m│[m[90m│[m                                                                                  [90m│[m
[90m│[m  orders                    [33mDLQ 37[m[90m│[m[90m│[m                                                                                  [90m│[m
[1;32m├[m [1;32m3 Messages[m  [90mDLQ[m[90m│[m[1;32mActive[m [1;32m──────────┤[m[90m│[m                                                                                  [90m│[m
[1;32m│[m  [33msessionful: active messages nee…[m[1;32m│[m[90m│[m                                                                                  [90m│[m
[1;32m│[m                                  [1;32m│[m[90m│[m                                                                                  [90m│[m
[1;32m│[m                                  [1;32m│[m[90m│[m                                                                                  [90m│[m
[1;32m│[m                                  [1;32m│[m[90m│[m                                                                                  [90m│[m
[1;32m│[m                                  [1;32m│[m[90m│[m                                                                                  [90m│[m
[1;32m│[m                                  [1;32m│[m[90m│[m                                                                                  [90m│[m
[1;32m│[m                                  [1;32m│[m[90m│[m                                                                                  [90m│[m
[1;32m│[m                                  [1;32m│[m[90m│[m                                                                                  [90m│[m
[1;32m│[m                                  [1;32m│[m[90m│[m                                                                                  [90m│[m
[1;32m│[m                                  [1;32m│[m[90m│[m                                                                                  [90m│[m
[1;32m│[m                                  [1;32m│[m[90m│[m                                                                                  [90m│[m
[1;32m│[m                                  [1;32m│[m[90m│[m                                                                                  [90m│[m
[1;32m│[m                                  [1;32m│[m[90m│[m                                                                                  [90m│[m
[1;32m│[m                                  [1;32m│[m[90m│[m                                                                                  [90m│[m
[1;32m│[m                                  [1;32m│[m[90m├[m Log [90m─────────────────────────────────────────────────────────────────────────────┤[m
[1;32m│[m                                  [1;32m│[m[90m│[m[90m 16:00 [mlist namespaces → 2                                                        [90m│[m
[1;32m│[m                                  [1;32m│[m[90m│[m[90m 16:00 [mlist entities sb-prod-weu → 4                                              [90m│[m
[1;32m│[m                                  [1;32m│[m[90m│[m[90m 16:00 [mpeek invoices/$DLQ → 3                                                     [90m│[m
[1;32m│[m                                  [1;32m│[m[90m│[m[90m 16:00 [mpeek invoices: sessionful: active messages need a session lock (not in v0.…[90m│[m
[1;32m└──────────────────────────────────┘[m[90m└──────────────────────────────────────────────────────────────────────────────────┘[m
 [36menter[m focus main pane  [36mtab[m DLQ / Active  [36m[ ][m tab  [36m/[m filter  [36m:[m jump  [36m?[m keybindings  [36mq[m quit                              