[90m┌[m 1 Namespaces [90m────────────────────────┐┌[m [1mBody[90;22m │ Properties │ System[m [90m──────────────────────────────────────────────────┐[m
[90m│[m▸ sb-prod-weu                         [90m││[m {                                                                            [90m│[m
[90m│[m  sb-test-weu                         [90m││[m   "orderId": 1002,                                                           [90m│[m
[90m├[m 2 Entities [90m──────────────────────────┤│[m   "status": "pending",                                                       [90m│[m
[90m│[m▸ invoices              act  12 [33mDLQ  3[90m││[m   "customer": null,                                                          [90m│[m
[90m│[m  order-events/billing  [90mact   0 [33mDLQ 12[90m││[m   "items": [                                                                 [90m│[m
[90m│[m  order-events/shipping act   4 [90mDLQ  0││[m     {                                                                        [90m│[m
[90m│[m  orders                act 120 [33mDLQ 37[90m││[m       "sku": "A-100",                                                        [90m│[m
[32;1m├[m [32;1m3 Mess┌[m [32;1mResubmit[m [32;1m────────────────────────────────────────────────────────────────────────────────────────────┐[m       [90m│[m
[32;1m│[39;44m▸ 2 13:[32;49m│[m                                                                                                      [32;1m│[m       [90m│[m
[32;1m│[m  3 [90m14:[32;1m│[90;22m Source      [minvoices/$DLQ seq 2                                                                      [32;1m│[m       [90m│[m
[32;1m│[m  4 [90m15:[32;1m│[90;22m Target      [mqueue invoices                                                                           [32;1m│[m       [90m│[m
[32;1m│[m       [32;1m│[90;22m Body        [munchanged, 15 lines, JSON                                                                [32;1m│[m       [90m│[m
[32;1m│[m       [32;1m│[90;22m Edits       [mnone (properties, Subject and ContentType unchanged)                                     [32;1m│[m       [90m│[m
[32;1m│[m       [32;1m│[90;22m Markers     [mremoved: DeadLetterReason, DeadLetterErrorDescription                                    [32;1m│[m       [90m│[m
[32;1m│[m       [32;1m│[90;22m MessageId   [mnew 00000000-0000-4000-8000-000000000001 (was inv-1002)                                  [32;1m│[m       [90m│[m
[32;1m│[m       [32;1m│[90;22m Scan        [mlocks up to 50 messages ahead of it briefly; their DeliveryCount does not change         [32;1m│[m       [90m│[m
[32;1m│[m       [32;1m│[m                                                                                                      [32;1m│[m       [90m│[m
[32;1m│[m       [32;1m│[33;22m ! invoices has duplicate detection: a copy with the original MessageId may be dropped as a duplicate[m [32;1m│[m       [90m│[m
[32;1m│[m       [32;1m│[m                                                                                                      [32;1m│[m       [90m│[m
[32;1m│[m       [32;1m└[m [36my[90m resubmit  [36mn[90m cancel  [36mm[90m keep MessageId[m [32;1m──────────────────────────────────────────────────────────────┘[m       [90m│[m
[32;1m│[m                                      [32;1m│[90;22m│[m                                                                              [90m│[m
[32;1m│[m                                      [32;1m│[90;22m│[m                                                                              [90m│[m
[32;1m│[m                                      [32;1m│[90;22m├[m Log [90m─────────────────────────────────────────────────────────────────────────┤[m
[32;1m│[m                                      [32;1m│[90;22m│ 16:00 [mlist namespaces → 2                                                    [90m│[m
[32;1m│[m                                      [32;1m│[90;22m│ 16:00 [mlist entities sb-prod-weu → 4                                          [90m│[m
[32;1m│[m                                      [32;1m│[90;22m│ 16:00 [mpeek invoices/$DLQ → 3                                                 [90m│[m
[32;1m│[m                                      [32;1m│[90;22m│[m                                                                              [90m│[m
[32;1m└──────────────────────────────────────┘[90;22m└──────────────────────────────────────────────────────────────────────────────┘[m
 [36my[m confirm (enter does nothing)  [36mn esc[m cancel  [36mm[m MessageId keep/new                                                     