[90m┌[m 1 Namespaces [90m────────────────────┐┌[m [1mBody[90;22m │ Properties │ System[m [90m──────────────────────────────────────────────────────┐[m
[90m│[m▸ sb-prod-weu                     [90m││[31m CleanupPending: the copy is in queue orders and the original is still in[m         [90m│[m
[90m│[m  sb-test-weu                     [90m││[31m orders/$DLQ. Press c to finish cleanup (removes the original; nothing is sent).[m  [90m│[m
[90m├[m 2 Entities [90m──────────────────────┤│[m                                                                                  [90m│[m
[90m│[m  invoices                  [33mDLQ  3[90m││[m {                                                                                [90m│[m
[90m│[m  order-events/billing      [33mDLQ 12[90m││[m   "orderId": 4002,                                                               [90m│[m
[90m│[m  order-events/shipping     [90mDLQ  0││[m   "status": "pending",                                                           [90m│[m
[90m│[m▸ orders                    [33mDLQ 37[90m││[m   "customer": null,                                                              [90m│[m
[32;1m├[m [32;1m3 Messages[m  [32;1mDLQ[90;22m│Active[m [32;1m──────────┤[90;22m│[m   "items": [                                                                     [90m│[m
[32;1m│[39;44m▸  2 06:00 CleanupPending · Schem…[32;49m│[90;22m│[m     {                                                                            [90m│[m
[32;1m│[m   3 [90m07[32;1m┌[m [32;1mFinish Cleanup[m [32;1m──────────────────────────────────────────────────────────────────────────────────────┐[m       [90m│[m
[32;1m│[m   4 [90m08[32;1m│[m                                                                                                      [32;1m│[m       [90m│[m
[32;1m│[m   5 [90m09[32;1m│[90;22m Remove      [morders/$DLQ seq 2 (MessageId ord-4002)                                                   [32;1m│[m       [90m│[m
[32;1m│[m   6 [90m10[32;1m│[90;22m Copy        [malready in queue orders                                                                  [32;1m│[m       [90m│[m
[32;1m│[m   7 [90m11[32;1m│[90;22m Send        [mnothing is sent                                                                          [32;1m│[m       [90m│[m
[32;1m│[m   8 [90m12[32;1m│[90;22m Scan        [mlocks up to 50 messages ahead of it briefly; their DeliveryCount does not change         [32;1m│[m       [90m│[m
[32;1m│[m   9 [90m13[32;1m│[m                                                                                                      [32;1m│[m       [90m│[m
[32;1m│[m  10 [90m14[32;1m└[m [36my[90m remove  [36mn[90m cancel[m [32;1m──────────────────────────────────────────────────────────────────────────────────┘[m       [90m│[m
[32;1m│[m  11 [90m15:00 [mPoisonMessage[90m ord-4011[m [32;1m│[90;22m│[m }                                                                                [90m│[m
[32;1m│[m  12 [90m16:00 [mSchemaMismat…[90m ord-4012[m [32;1m│[90;22m│[m                                                                                  [90m│[m
[32;1m│[m  13 [90m17:00 [mMaxDeliveryC…[90m ord-4013[m [32;1m│[90;22m│[m                                                                                  [90m│[m
[32;1m│[m  14 [90m18:00 [mDownstreamTi…[90m ord-4014[m [32;1m│[90;22m│[m                                                                                  [90m│[m
[32;1m│[m  15 [90m19:00 [mSchemaMismat…[90m ord-4015[m [32;1m│[90;22m│[m                                                                                  [90m│[m
[32;1m│[m  16 [90m20:00 [mPoisonMessage[90m ord-4016[m [32;1m│[90;22m├[m Log [90m─────────────────────────────────────────────────────────────────────────────┤[m
[32;1m│[m  17 [90m21:00 [mSchemaMismat…[90m ord-4017[m [32;1m│[90;22m│ 16:00 [msend orders/$DLQ seq 2 → queue orders (MessageId ord-4002) → ok            [90m│[m
[32;1m│[m  18 [90m22:00 [mMaxDeliveryC…[90m ord-4018[m [32;1m│[90;22m│ 16:00 [31mcomplete orders/$DLQ seq 2 → error: link detached[m                          [90m│[m
[32;1m│[m  19 [90m23:00 [mDownstreamTi…[90m ord-4019[m [32;1m│[90;22m│ 16:00 [mabandon orders/$DLQ seq 2 → ok                                             [90m│[m
[32;1m│[m  20 [90m09-20 [mSchemaMismat…[90m ord-4020[m [32;1m│[90;22m│ 16:00 [31mresubmit orders/$DLQ seq 2 → orders  CleanupPending: link detached[m         [90m│[m
[32;1m└──────────────────────────────────┘[90;22m└──────────────────────────────────────────────────────────────────────────────────┘[m
 [36my[m confirm (enter does nothing)  [36mn esc[m cancel                                                                           