[1;32m┌[m [1;32m1 Namespaces[m[90m loading…[m [1;32m───────────┐[m[90m┌[m [1mSubscription[m [90m────────────────────────────────────────────────────────────────────┐[m
[1;32m│[m  sb-prod-weu                     [1;32m│[m[90m│[m[90m Subscription     [mcontoso-dev                                                     [90m│[m
[1;32m│[m  sb-test-weu                     [1;32m│[m[90m│[m[90m Subscription ID  [m2f7c4d1e-8a3b-4c6d-9e0f-1a2b3c4d5e6f                            [90m│[m
[1;32m│[m[1;44m▸ [m[1;44mloading contoso-dev…[m[1;44m            [m[1;32m│[m[90m│[m[90m Status           [m[90mlisting namespaces…[m                                             [90m│[m
[1;32m│[m  [90mloading contoso-sandbox…[m        [1;32m│[m[90m│[m                                                                                  [90m│[m
[1;32m│[m                                  [1;32m│[m[90m│[m                                                                                  [90m│[m
[1;32m│[m                                  [1;32m│[m[90m│[m                                                                                  [90m│[m
[1;32m│[m                                  [1;32m│[m[90m│[m                                                                                  [90m│[m
[1;32m│[m                                  [1;32m│[m[90m│[m                                                                                  [90m│[m
[1;32m│[m                                  [1;32m│[m[90m│[m                                                                                  [90m│[m
[1;32m│[m                                  [1;32m│[m[90m│[m                                                                                  [90m│[m
[1;32m│[m                                  [1;32m│[m[90m│[m                                                                                  [90m│[m
[1;32m│[m                                  [1;32m│[m[90m│[m                                                                                  [90m│[m
[1;32m│[m                                  [1;32m│[m[90m│[m                                                                                  [90m│[m
[1;32m│[m                                  [1;32m│[m[90m│[m                                                                                  [90m│[m
[1;32m│[m                                  [1;32m│[m[90m│[m                                                                                  [90m│[m
[1;32m│[m                                  [1;32m│[m[90m│[m                                                                                  [90m│[m
[1;32m│[m                                  [1;32m│[m[90m│[m                                                                                  [90m│[m
[1;32m│[m                                  [1;32m│[m[90m│[m                                                                                  [90m│[m
[1;32m│[m                                  [1;32m│[m[90m│[m                                                                                  [90m│[m
[1;32m│[m                                  [1;32m│[m[90m│[m                                                                                  [90m│[m
[1;32m│[m                                  [1;32m│[m[90m│[m                                                                                  [90m│[m
[1;32m│[m                                  [1;32m│[m[90m│[m                                                                                  [90m│[m
[1;32m│[m                                  [1;32m│[m[90m├[m Log [90m─────────────────────────────────────────────────────────────────────────────┤[m
[1;32m├[m 2 Entities[90m loading…[m [1;32m─────────────┤[m[90m│[m[90m 16:00 [mlist namespaces → 2                                                        [90m│[m
[90m│[m  [90mloading…[m                        [90m│[m[90m│[m[90m 16:00 [mdiscover subscriptions → 2                                                 [90m│[m
[90m├[m 3 Messages  [1mDLQ[m[90m│[m[90mActive[m [90m──────────┤[m[90m│[m                                                                                  [90m│[m
[90m│[m  [90mopen an entity[m                  [90m│[m[90m│[m                                                                                  [90m│[m
[90m└──────────────────────────────────┘[m[90m└──────────────────────────────────────────────────────────────────────────────────┘[m
 [36menter[m open  [36m[ ][m tab  [36m/[m filter  [36m:[m jump  [36m?[m keybindings  [36mq[m quit                                                           