[1;32m┌[m [1;32m1 Namespaces[m [1;32m────────────────────┐[m[90m┌[m [1mBody[m[90m │ [m[90mProperties[m[90m │ [m[90mSystem[m [90m──────────────────────────────────────────────────────┐[m
[1;32m│[m[1;44m▸ [m[1;44msb-prod-weu[m[1;44m                     [m[1;32m│[m[90m│[m[31m error: dial tcp 10.1.2.3:443: connect: connection refused⏎retry 3/3[m              [90m│[m
[1;32m│[m  sb-test-weu                     [1;32m│[m[90m│[m                                                                                  [90m│[m
[1;32m│[m                                  [1;32m│[m[90m│[m                                                                                  [90m│[m
[1;32m│[m                                  [1;32m│[m[90m│[m                                                                                  [90m│[m
[1;32m│[m                                  [1;32m│[m[90m│[m                                                                                  [90m│[m
[1;32m│[m                                  [1;32m│[m[90m│[m                                                                                  [90m│[m
[1;32m│[m                                  [1;32m│[m[90m│[m                                                                                  [90m│[m
[1;32m│[m                                  [1;32m│[m[90m│[m                                                                                  [90m│[m
[1;32m│[m                                  [1;32m│[m[90m│[m                                                                                  [90m│[m
[1;32m│[m                                  [1;32m│[m[90m│[m                                                                                  [90m│[m
[1;32m│[m                                  [1;32m│[m[90m│[m                                                                                  [90m│[m
[1;32m│[m                                  [1;32m│[m[90m│[m                                                                                  [90m│[m
[1;32m│[m                                  [1;32m│[m[90m│[m                                                                                  [90m│[m
[1;32m│[m                                  [1;32m│[m[90m│[m                                                                                  [90m│[m
[1;32m│[m                                  [1;32m│[m[90m│[m                                                                                  [90m│[m
[1;32m│[m                                  [1;32m│[m[90m│[m                                                                                  [90m│[m
[1;32m│[m                                  [1;32m│[m[90m│[m                                                                                  [90m│[m
[1;32m│[m                                  [1;32m│[m[90m│[m                                                                                  [90m│[m
[1;32m│[m                                  [1;32m│[m[90m│[m                                                                                  [90m│[m
[1;32m│[m                                  [1;32m│[m[90m│[m                                                                                  [90m│[m
[1;32m│[m                                  [1;32m│[m[90m│[m                                                                                  [90m│[m
[1;32m│[m                                  [1;32m│[m[90m│[m                                                                                  [90m│[m
[1;32m│[m                                  [1;32m│[m[90m├[m Log [90m─────────────────────────────────────────────────────────────────────────────┤[m
[1;32m├[m 2 Entities [1;32m──────────────────────┤[m[90m│[m[90m 16:00 [mlist namespaces → 2                                                        [90m│[m
[90m│[m  [31merror: dial tcp 10.1.2.3:443: c…[m[90m│[m[90m│[m[90m 16:00 [m[31mlist entities sb-prod-weu failed: dial tcp 10.1.2.3:443: connect: connecti…[m[90m│[m
[90m├[m 3 Messages  [1mDLQ[m[90m│[m[90mActive[m [90m──────────┤[m[90m│[m                                                                                  [90m│[m
[90m│[m  [90mopen an entity[m                  [90m│[m[90m│[m                                                                                  [90m│[m
[90m└──────────────────────────────────┘[m[90m└──────────────────────────────────────────────────────────────────────────────────┘[m
 [36menter[m open  [36m[ ][m tab  [36m?[m keybindings  [36mq[m quit                                                                             