[90m┌[m 1 Namespaces [90m────────────────────┐[m[1;32m┌[m [1;32mBody[m[90m │ [m[90mProperties[m[90m │ [m[90mSystem[m [1;32m──────────────────────────────────────────────────────┐[m
[90m│[m▸ sb-prod-weu                     [90m│[m[1;32m│[m {                                                                                [1;32m│[m
[90m│[m  sb-test-weu                     [90m│[m[1;32m│[m   "orderId": 1002,                                                               [1;32m│[m
[90m│[m                                  [90m│[m[1;32m│[m   "status": "pending",                                                           [1;32m│[m
[90m│[m                                  [90m│[m[1;32m│[m   "customer": null,                                                              [1;32m│[m
[90m│[m                                  [90m│[m[1;32m│[m   "items": [                                                                     [1;32m│[m
[90m│[m                                  [90m│[m[1;32m│[m     {                                                                            [1;32m│[m
[90m│[m                                  [90m│[m[1;32m│[m       "sku": "A-100",                                                            [1;32m│[m
[90m│[m                                  [90m│[m[1;32m│[m       "qty": 2                                                                   [1;32m│[m
[90m│[m                                  [90m│[m[1;32m│[m     },                                                                           [1;32m│[m
[90m│[m                                  [90m│[m[1;32m│[m     {                                                                            [1;32m│[m
[90m│[m                                  [90m│[m[1;32m│[m       "sku": "B-220",                                                            [1;32m│[m
[90m│[m                                  [90m│[m[1;32m│[m       "qty": 1                                                                   [1;32m│[m
[90m│[m                                  [90m│[m[1;32m│[m     }                                                                            [1;32m│[m
[90m│[m                                  [90m│[m[1;32m│[m   ]                                                                              [1;32m│[m
[90m│[m                                  [90m│[m[1;32m│[m }                                                                                [1;32m│[m
[90m│[m                                  [90m│[m[1;32m│[m                                                                                  [1;32m│[m
[90m│[m                                  [90m│[m[1;32m│[m                                                                                  [1;32m│[m
[90m│[m                                  [90m│[m[1;32m│[m                                                                                  [1;32m│[m
[90m├[m 2 Entities [90m──────────────────────┤[m[1;32m│[m                                                                                  [1;32m│[m
[90m│[m▸ invoices                  [33mDLQ  3[m[90m│[m[1;32m│[m                                                                                  [1;32m│[m
[90m│[m  order-events/billing      [33mDLQ 12[m[90m│[m[1;32m│[m                                                                                  [1;32m│[m
[90m│[m  order-events/shipping     [90mDLQ  0[m[90m│[m[1;32m│[m                                                                                  [1;32m│[m
[90m│[m  orders                    [33mDLQ 37[m[90m│[m[1;32m├[m Log [1;32m─────────────────────────────────────────────────────────────────────────────┤[m
[90m├[m 3 Messages  [1mDLQ[m[90m│[m[90mActive[m [90m──────────┤[m[90m│[m[90m 16:00 [mlist namespaces → 2                                                        [90m│[m
[90m│[m▸ 2 [90m13:00 [mSchemaMismatch[90m inv-1002[m [90m│[m[90m│[m[90m 16:00 [mlist entities sb-prod-weu → 4                                              [90m│[m
[90m│[m  3 [90m14:00 [mMaxDeliveryCo…[90m inv-1003[m [90m│[m[90m│[m[90m 16:00 [mpeek invoices/$DLQ → 3                                                     [90m│[m
[90m│[m  4 [90m15:00 [mDownstreamTim…[90m inv-1004[m [90m│[m[90m│[m                                                                                  [90m│[m
[90m└──────────────────────────────────┘[m[90m└──────────────────────────────────────────────────────────────────────────────────┘[m
 [36mesc[m back  [36mr[m resubmit  [36m[ ][m tab  [36m:[m jump  [36m?[m keybindings  [36mq[m quit                                                           