[90m┌[m 1 Namespaces [90m──────────┐[m[90m┌[m [90mBody[m[90m │ [m[1mProperties[m[90m │ [m[90mSystem[m [90m────────────────────────┐[m
[90m│[m▸ sb-prod-weu           [90m│[m[90m│[m[90m Key                Type      Value[m                 [90m│[m
[90m│[m  sb-test-weu           [90m│[m[90m│[m tenant             [90mString    [mcontoso               [90m│[m
[90m├[m 2 Entities [90m────────────┤[m[90m│[m orderId            [90mLong      [m1002                  [90m│[m
[90m│[m▸ invoices        [33mDLQ  3[m[90m│[m[90m│[m attempt            [90mInt       [m3                     [90m│[m
[90m│[m  order-events/b… [33mDLQ 12[m[90m│[m[90m│[m amount             [90mDouble    [m2.5                   [90m│[m
[90m│[m  order-events/s… [90mDLQ  0[m[90m│[m[90m│[m isRetry            [90mBool      [mfalse                 [90m│[m
[90m│[m  orders          [33mDLQ 37[m[90m│[m[90m│[m traceId            [90mGuid      [m6f1c2b9e-4d2a-4c1e-9b…[90m│[m
[1;32m├[m [1;32m3 Messages[m  [1;32mDLQ[m[90m│[m[90mActive[m [1;32m┤[m[90m│[m createdAt          [90mDateTime  [m2026-09-18T22:15:00Z  [90m│[m
[1;32m│[m[1;44m▸ [m[1;44m2 [m[1;44m13:00 [m[1;44mSchemaMismatch[m[1;32m│[m[90m│[m                                                    [90m│[m
[1;32m│[m  3 [90m14:00 [mMaxDeliveryCo…[1;32m│[m[90m│[m[90m Dead-letter markers  ✕ removed on resubmit[m         [90m│[m
[1;32m│[m  4 [90m15:00 [mDownstreamTim…[1;32m│[m[90m│[m[90m DeadLetterReason   String    SchemaMismatch[m        [90m│[m
[1;32m│[m                        [1;32m│[m[90m│[m[90m DeadLetterErrorD…  String    Required property 'cu…[m[90m│[m
[1;32m│[m                        [1;32m│[m[90m│[m                                                    [90m│[m
[1;32m│[m                        [1;32m│[m[90m│[m                                                    [90m│[m
[1;32m│[m                        [1;32m│[m[90m│[m                                                    [90m│[m
[1;32m│[m                        [1;32m│[m[90m│[m                                                    [90m│[m
[1;32m│[m                        [1;32m│[m[90m│[m                                                    [90m│[m
[1;32m│[m                        [1;32m│[m[90m├[m Log [90m───────────────────────────────────────────────┤[m
[1;32m│[m                        [1;32m│[m[90m│[m[90m 16:00 [mlist namespaces → 2                          [90m│[m
[1;32m│[m                        [1;32m│[m[90m│[m[90m 16:00 [mlist entities sb-prod-weu → 4                [90m│[m
[1;32m│[m                        [1;32m│[m[90m│[m[90m 16:00 [mpeek invoices/$DLQ → 3                       [90m│[m
[1;32m└────────────────────────┘[m[90m└────────────────────────────────────────────────────┘[m
 [36menter[m focus main pane  [36mtab[m DLQ / Active  [36mr[m resubmit  [36m[ ][m tab  [36m?[m keybindings  [36m…[m 