[90m┌[m 1 Namespaces [90m────────────────────┐┌[m [1mBody[90;22m │ Properties │ System[m [90m──────────────────────────────────────────────────────┐[m
[90m│[m▸ sb-prod-weu                     [90m││[m {                                                                                [90m│[m
[90m│[m  sb-test-weu                     [90m││[m   "orderId": 1002,                                                               [90m│[m
[90m├[m 2 Entities [90m──────────────────────┤│[m   "status": "pending",                                                           [90m│[m
[90m│[m▸ invoices                  [33mDLQ  3[90m││[m   "customer": null,                                                              [90m│[m
[90m│[m  order-events/billing      [33mDLQ 12[90m││[m   "items": [                                                                     [90m│[m
[90m│[m  order-events/shipping     [90mDLQ  0││[m     {                                                                            [90m│[m
[90m│[m  orders                    [33mDLQ 37[90m││[m       "sku": "A-100",                                                            [90m│[m
[32;1m├[m [32;1m3 Messages[m  [32;1mDLQ[90;22m│Active[m [32;1m──────────┤[90;22m│[m       "qty": 2                                                                   [90m│[m
[32;1m│[39;44m▸ 2 13:00 SchemaMismatch inv-1002 [32;49m│[90;22m│[m     },                                                                           [90m│[m
[32;1m│[m  3 [90m14:00 [mMaxDeliveryCo…[90m inv-10[32;1m┌[m [32;1mKeybindings[m [32;1m─────────────────────────────────────────┐[m                               [90m│[m
[32;1m│[m  4 [90m15:00 [mDownstreamTim…[90m inv-10[32;1m│[90;22m Filter: [mtab[32;1m▏[m                                         [32;1m│[m                               [90m│[m
[32;1m│[m                               [32;1m├──────────────────────────────────────────────────────┤[m                               [90m│[m
[32;1m│[m                               [32;1m│[39m Messages[m                                             [32;1m│[m                               [90m│[m
[32;1m│[m                               [32;1m│[36;22m   tab      [mDLQ / Active                              [32;1m│[m                               [90m│[m
[32;1m│[m                               [32;1m│[39m Global[m                                               [32;1m│[m                               [90m│[m
[32;1m│[m                               [32;1m│[36;22m   [        [mprevious main tab                         [32;1m│[m                               [90m│[m
[32;1m│[m                               [32;1m│[36;22m   ]        [mnext main tab                             [32;1m│[m                               [90m│[m
[32;1m│[m                               [32;1m└[m [90mtype to filter · esc close[m [32;1m──────────────────────────┘[m                               [90m│[m
[32;1m│[m                                  [32;1m│[90;22m│[m                                                                                  [90m│[m
[32;1m│[m                                  [32;1m│[90;22m│[m                                                                                  [90m│[m
[32;1m│[m                                  [32;1m│[90;22m│[m                                                                                  [90m│[m
[32;1m│[m                                  [32;1m│[90;22m│[m                                                                                  [90m│[m
[32;1m│[m                                  [32;1m│[90;22m├[m Log [90m─────────────────────────────────────────────────────────────────────────────┤[m
[32;1m│[m                                  [32;1m│[90;22m│ 16:00 [mlist namespaces → 2                                                        [90m│[m
[32;1m│[m                                  [32;1m│[90;22m│ 16:00 [mlist entities sb-prod-weu → 4                                              [90m│[m
[32;1m│[m                                  [32;1m│[90;22m│ 16:00 [mpeek invoices/$DLQ → 3                                                     [90m│[m
[32;1m│[m                                  [32;1m│[90;22m│[m                                                                                  [90m│[m
[32;1m└──────────────────────────────────┘[90;22m└──────────────────────────────────────────────────────────────────────────────────┘[m
 [36mesc[m close  [36m↑[m scroll up  [36m↓[m scroll down                                                                                  