[90m┌[m 1 Namespaces [90m────────────────────────┐┌[m [1mBody[90;22m │ Properties │ System[m [90m──────────────────────────────────────────────────┐[m
[90m│[m▸ sb-prod-weu                         [90m││[m {                                                                            [90m│[m
[90m│[m  sb-test-weu                         [90m││[m   "orderId": 1002,                                                           [90m│[m
[90m├[m 2 Entities [90m──────────────────────────┤│[m   "status": "pending",                                                       [90m│[m
[90m│[m▸ invoices              act  12 [33mDLQ  3[90m││[m   "customer": null,                                                          [90m│[m
[90m│[m  order-events/billing  [90mact   0 [33mDLQ 12[90m││[m   "items": [                                                                 [90m│[m
[90m│[m  order-events/shipping act   4 [90mDLQ  0││[m     {                                                                        [90m│[m
[90m│[m  orders                act[32;1m┌[m [32;1mJump to entity[90;22m in sb-prod-weu[m [32;1m───────────────────────────────┐[m                           [90m│[m
[32;1m├[m [32;1m3 Messages[m  [32;1mDLQ[90;22m│Active[m [32;1m───│[90;22m : [mord[32;1m▏[m                                                       [32;1m│[m                           [90m│[m
[32;1m│[39;44m▸ 2 13:00 SchemaMismatch   [32;49m├──────────────────────────────────────────────────────────────┤[m                           [90m│[m
[32;1m│[m  3 [90m14:00 [mMaxDeliveryCoun…[90m [32;1m│[39;44m▸ orders                                       act 120 DLQ 37 [32;49m│[m                           [90m│[m
[32;1m│[m  4 [90m15:00 [mDownstreamTimeo…[90m [32;1m│[m  order-events/billing                        [90m act   0 DLQ 12 [32;1m│[m                           [90m│[m
[32;1m│[m                           [32;1m│[m  order-events/shipping                       [90m act   4 DLQ  0 [32;1m│[m                           [90m│[m
[32;1m│[m                           [32;1m│[m                                                              [32;1m│[m                           [90m│[m
[32;1m│[m                           [32;1m│[m                                                              [32;1m│[m                           [90m│[m
[32;1m│[m                           [32;1m│[m                                                              [32;1m│[m                           [90m│[m
[32;1m│[m                           [32;1m│[m                                                              [32;1m│[m                           [90m│[m
[32;1m│[m                           [32;1m│[m                                                              [32;1m│[m                           [90m│[m
[32;1m│[m                           [32;1m│[m                                                              [32;1m│[m                           [90m│[m
[32;1m│[m                           [32;1m│[m                                                              [32;1m│[m                           [90m│[m
[32;1m│[m                           [32;1m└[m [90menter open · esc cancel[m [32;1m─────────────────────────────────────┘[m                           [90m│[m
[32;1m│[m                                      [32;1m│[90;22m│[m                                                                              [90m│[m
[32;1m│[m                                      [32;1m│[90;22m│[m                                                                              [90m│[m
[32;1m│[m                                      [32;1m│[90;22m├[m Log [90m─────────────────────────────────────────────────────────────────────────┤[m
[32;1m│[m                                      [32;1m│[90;22m│ 16:00 [mlist namespaces → 2                                                    [90m│[m
[32;1m│[m                                      [32;1m│[90;22m│ 16:00 [mlist entities sb-prod-weu → 4                                          [90m│[m
[32;1m│[m                                      [32;1m│[90;22m│ 16:00 [mpeek invoices/$DLQ → 3                                                 [90m│[m
[32;1m│[m                                      [32;1m│[90;22m│[m                                                                              [90m│[m
[32;1m└──────────────────────────────────────┘[90;22m└──────────────────────────────────────────────────────────────────────────────┘[m
 [36menter[m open  [36mesc[m cancel  [36m↑[m previous  [36m↓[m next                                                                             