[90m┌[m 1 Namespaces [90m────────────────────┐[m[1;32m┌[m [90mBody[m[90m │ [m[1;32mProperties[m[90m │ [m[90mSystem[m [1;32m──────────────────────────────────────────────────────┐[m
[90m│[m▸ sb-prod-weu                     [90m│[m[1;32m│[m[90m  Key                         Type      Value[m                                     [1;32m│[m
[90m│[m  sb-test-weu                     [90m│[m[1;32m│[m[1;44m [m[1;44m−[m[1;44mtenant                      [m[1;44mString    [m[1;44mcontoso[m[1;44m  ✕ removed on resubmit[m[1;44m            [m[1;32m│[m
[90m├[m 2 Entities [90m──────────────────────┤[m[1;32m│[m [33m*[morderId                     [90mLong      [m7[90m  (was 4002)[m                             [1;32m│[m
[90m│[m  invoices                  [33mDLQ  3[m[90m│[m[1;32m│[m  attempt                     [90mInt       [m3                                         [1;32m│[m
[90m│[m  order-events/billing      [33mDLQ 12[m[90m│[m[1;32m│[m  amount                      [90mDouble    [m2.5                                       [1;32m│[m
[90m│[m  order-events/shipping     [90mDLQ  0[m[90m│[m[1;32m│[m  isRetry                     [90mBool      [mfalse                                     [1;32m│[m
[90m│[m▸ orders                    [33mDLQ 37[m[90m│[m[1;32m│[m  traceId                     [90mGuid      [m6f1c2b9e-4d2a-4c1e-9b7a-000000004002      [1;32m│[m
[90m├[m 3 Messages  [1mDLQ[m[90m│[m[90mActive[m [90m──────────┤[m[1;32m│[m  createdAt                   [90mDateTime  [m2026-09-18T22:15:00Z                      [1;32m│[m
[90m│[m▸  2 [90m06:00 [mSchemaMismat…[90m ord-4002[m [90m│[m[1;32m│[m [1;32m+[mregion                      [90mString    [meu-north                                  [1;32m│[m
[90m│[m   3 [90m07:00 [mMaxDeliveryC…[90m ord-4003[m [90m│[m[1;32m│[m                                                                                  [1;32m│[m
[90m│[m   4 [90m08:00 [mDownstreamTi…[90m ord-4004[m [90m│[m[1;32m│[m[90m  Dead-letter markers  ✕ removed on resubmit[m                                      [1;32m│[m
[90m│[m   5 [90m09:00 [mSchemaMismat…[90m ord-4005[m [90m│[m[1;32m│[m[90m  DeadLetterReason            String    SchemaMismatch[m                            [1;32m│[m
[90m│[m   6 [90m10:00 [mPoisonMessage[90m ord-4006[m [90m│[m[1;32m│[m[90m  DeadLetterErrorDescription  String    Required property 'customer.id' is missin…[m[1;32m│[m
[90m│[m   7 [90m11:00 [mSchemaMismat…[90m ord-4007[m [90m│[m[1;32m│[m                                                                                  [1;32m│[m
[90m│[m   8 [90m12:00 [mMaxDeliveryC…[90m ord-4008[m [90m│[m[1;32m│[m                                                                                  [1;32m│[m
[90m│[m   9 [90m13:00 [mDownstreamTi…[90m ord-4009[m [90m│[m[1;32m│[m                                                                                  [1;32m│[m
[90m│[m  10 [90m14:00 [mSchemaMismat…[90m ord-4010[m [90m│[m[1;32m│[m                                                                                  [1;32m│[m
[90m│[m  11 [90m15:00 [mPoisonMessage[90m ord-4011[m [90m│[m[1;32m│[m                                                                                  [1;32m│[m
[90m│[m  12 [90m16:00 [mSchemaMismat…[90m ord-4012[m [90m│[m[1;32m│[m                                                                                  [1;32m│[m
[90m│[m  13 [90m17:00 [mMaxDeliveryC…[90m ord-4013[m [90m│[m[1;32m│[m                                                                                  [1;32m│[m
[90m│[m  14 [90m18:00 [mDownstreamTi…[90m ord-4014[m [90m│[m[1;32m│[m                                                                                  [1;32m│[m
[90m│[m  15 [90m19:00 [mSchemaMismat…[90m ord-4015[m [90m│[m[1;32m│[m                                                                                  [1;32m│[m
[90m│[m  16 [90m20:00 [mPoisonMessage[90m ord-4016[m [90m│[m[1;32m├[m Log [1;32m─────────────────────────────────────────────────────────────────────────────┤[m
[90m│[m  17 [90m21:00 [mSchemaMismat…[90m ord-4017[m [90m│[m[90m│[m[90m 16:00 [mlist namespaces → 2                                                        [90m│[m
[90m│[m  18 [90m22:00 [mMaxDeliveryC…[90m ord-4018[m [90m│[m[90m│[m[90m 16:00 [mlist entities sb-prod-weu → 4                                              [90m│[m
[90m│[m  19 [90m23:00 [mDownstreamTi…[90m ord-4019[m [90m│[m[90m│[m[90m 16:00 [mpeek invoices/$DLQ → 3                                                     [90m│[m
[90m│[m  20 [90m09-20 [mSchemaMismat…[90m ord-4020[m [90m│[m[90m│[m[90m 16:00 [mpeek orders/$DLQ → 37                                                      [90m│[m
[90m└──────────────────────────────────┘[m[90m└──────────────────────────────────────────────────────────────────────────────────┘[m
 [1;32mtenant will be removed on resubmit (−); d again keeps it[m                                                   [33m✎ 1 pending[m 