[90m┌[m 1 Namespaces [90m────────────────────────┐[m[90m┌[m [1mBody[m[90m │ [m[90mProperties[m[90m │ [m[90mSystem[m [90m──────────────────────────────────────────────────┐[m
[90m│[m▸ sb-prod-weu                         [90m│[m[90m│[m {                                                                            [90m│[m
[90m│[m  sb-test-weu                         [90m│[m[90m│[m   "orderId": 1002,                                                           [90m│[m
[90m├[m 2 Entities [90m──────────────────────────┤[m[90m│[m   "status": "pending",                                                       [90m│[m
[90m│[m▸ invoices              act  12 [33mDLQ  3[m[90m│[m[90m│[m   "customer": null,                                                          [90m│[m
[90m│[m  order-events/billing  [90mact   0 [m[33mDLQ 12[m[90m│[m[90m│[m   "items": [                                                                 [90m│[m
[90m│[m  order-events/shipping act   4 [90mDLQ  0[m[90m│[m[90m│[m     {                                                                        [90m│[m
[90m│[m  orders                act 120 [33mDLQ 37[m[90m│[m[90m│[m       "sku": "A-100",                                                        [90m│[m
[1;32m├[m [1;32m3 Messages[m  [1;32mDLQ[m[90m│[m[90mActive[m [1;32m──────────────┤[m[90m│[m       "qty": 2                                                               [90m│[m
[1;32m│[m[1;44m▸ [m[1;44m2 [m[1;44m13:00 [m[1;44mSchemaMismatch  [m[1;44m inv-1002[m[1;44m   [m[1;32m│[m[90m│[m     },                                                                       [90m│[m
[1;32m│[m  3 [90m14:00 [mMaxDeliveryCoun…[90m inv-1003[m   [1;32m│[m[90m│[m     {                                                                        [90m│[m
[1;32m│[m  4 [90m15:00 [mDownstreamTimeo…[90m inv-1004[m   [1;32m│[m[90m│[m       "sku": "B-220",                                                        [90m│[m
[1;32m│[m                                      [1;32m│[m[90m│[m       "qty": 1                                                               [90m│[m
[1;32m│[m                                      [1;32m│[m[90m│[m     }                                                                        [90m│[m
[1;32m│[m                                      [1;32m│[m[90m│[m   ]                                                                          [90m│[m
[1;32m│[m                                      [1;32m│[m[90m│[m }                                                                            [90m│[m
[1;32m│[m                                      [1;32m│[m[90m│[m                                                                              [90m│[m
[1;32m│[m                                      [1;32m│[m[90m│[m                                                                              [90m│[m
[1;32m│[m                                      [1;32m│[m[90m│[m                                                                              [90m│[m
[1;32m│[m                                      [1;32m│[m[90m│[m                                                                              [90m│[m
[1;32m│[m                                      [1;32m│[m[90m│[m                                                                              [90m│[m
[1;32m│[m                                      [1;32m│[m[90m│[m                                                                              [90m│[m
[1;32m│[m                                      [1;32m│[m[90m│[m                                                                              [90m│[m
[1;32m│[m                                      [1;32m│[m[90m├[m Log [90m─────────────────────────────────────────────────────────────────────────┤[m
[1;32m│[m                                      [1;32m│[m[90m│[m[90m 16:00 [mlist namespaces → 2                                                    [90m│[m
[1;32m│[m                                      [1;32m│[m[90m│[m[90m 16:00 [mlist entities sb-prod-weu → 4                                          [90m│[m
[1;32m│[m                                      [1;32m│[m[90m│[m[90m 16:00 [mpeek invoices/$DLQ → 3                                                 [90m│[m
[1;32m│[m                                      [1;32m│[m[90m│[m                                                                              [90m│[m
[1;32m└──────────────────────────────────────┘[m[90m└──────────────────────────────────────────────────────────────────────────────┘[m
 [33mread-only mode (--read-only): r is disabled[m                                                                  [1;31mREAD-ONLY[m 