[90m┌[m 1 Namespaces [90m────────────────────┐[m[90m┌[m [1mBody[m[90m │ [m[90mProperties[m[90m │ [m[90mSystem[m [90m──────────────────────────────────────────────────────┐[m
[90m│[m▸ sb-prod-weu                     [90m│[m[90m│[m ORDER;1004;SE;299.00                                                             [90m│[m
[90m│[m  sb-test-weu                     [90m│[m[90m│[m LINE;A-100;2                                                                     [90m│[m
[90m├[m 2 Entities [90m──────────────────────┤[m[90m│[m LINE;B-220;1                                                                     [90m│[m
[90m│[m▸ invoices                  [33mDLQ  3[m[90m│[m[90m│[m                                                                                  [90m│[m
[90m│[m  order-events/billing      [33mDLQ 12[m[90m│[m[90m│[m                                                                                  [90m│[m
[90m│[m  order-events/shipping     [90mDLQ  0[m[90m│[m[90m│[m                                                                                  [90m│[m
[90m│[m  orders                    [33mDLQ 37[m[90m│[m[90m│[m                                                                                  [90m│[m
[1;32m├[m [1;32m3 Messages[m  [1;32mDLQ[m[90m│[m[90mActive[m [1;32m──────────┤[m[90m│[m                                                                                  [90m│[m
[1;32m│[m  2 [90m13:00 [mSchemaMismatch[90m inv-1002[m [1;32m│[m[90m│[m                                                                                  [90m│[m
[1;32m│[m  3 [90m14:00 [mMaxDeliveryCo…[90m inv-1003[m [1;32m│[m[90m│[m                                                                                  [90m│[m
[1;32m│[m[1;44m▸ [m[1;44m4 [m[1;44m15:00 [m[1;44mDownstreamTim…[m[1;44m inv-1004[m[1;44m [m[1;32m│[m[90m│[m                                                                                  [90m│[m
[1;32m│[m                                  [1;32m│[m[90m│[m                                                                                  [90m│[m
[1;32m│[m                                  [1;32m│[m[90m│[m                                                                                  [90m│[m
[1;32m│[m                                  [1;32m│[m[90m│[m                                                                                  [90m│[m
[1;32m│[m                                  [1;32m│[m[90m│[m                                                                                  [90m│[m
[1;32m│[m                                  [1;32m│[m[90m│[m                                                                                  [90m│[m
[1;32m│[m                                  [1;32m│[m[90m│[m                                                                                  [90m│[m
[1;32m│[m                                  [1;32m│[m[90m│[m                                                                                  [90m│[m
[1;32m│[m                                  [1;32m│[m[90m│[m                                                                                  [90m│[m
[1;32m│[m                                  [1;32m│[m[90m│[m                                                                                  [90m│[m
[1;32m│[m                                  [1;32m│[m[90m│[m                                                                                  [90m│[m
[1;32m│[m                                  [1;32m│[m[90m│[m                                                                                  [90m│[m
[1;32m│[m                                  [1;32m│[m[90m├[m Log [90m─────────────────────────────────────────────────────────────────────────────┤[m
[1;32m│[m                                  [1;32m│[m[90m│[m[90m 16:00 [mlist namespaces → 2                                                        [90m│[m
[1;32m│[m                                  [1;32m│[m[90m│[m[90m 16:00 [mlist entities sb-prod-weu → 4                                              [90m│[m
[1;32m│[m                                  [1;32m│[m[90m│[m[90m 16:00 [mpeek invoices/$DLQ → 3                                                     [90m│[m
[1;32m│[m                                  [1;32m│[m[90m│[m                                                                                  [90m│[m
[1;32m└──────────────────────────────────┘[m[90m└──────────────────────────────────────────────────────────────────────────────────┘[m
 [36menter[m focus main pane  [36mtab[m DLQ / Active  [36m[ ][m tab  [36m?[m keybindings  [36mq[m quit                                                