[90m┌[m 1 Namespaces [90m────────────────────┐[m[90m┌[m [1mBody[m[90m │ [m[90mProperties[m[90m │ [m[90mSystem[m [90m──────────────────────────────────────────────────────┐[m
[90m│[m▸ sb-prod-weu                     [90m│[m[90m│[m {                                                                                [90m│[m
[90m│[m  sb-test-weu                     [90m│[m[90m│[m   "orderId": 1006,                                                               [90m│[m
[90m├[m 2 Entities [90m──────────────────────┤[m[90m│[m   "status": "new"                                                                [90m│[m
[90m│[m▸ invoices                  [33mDLQ  3[m[90m│[m[90m│[m }                                                                                [90m│[m
[90m│[m  order-events/billing      [33mDLQ 12[m[90m│[m[90m│[m                                                                                  [90m│[m
[90m│[m  order-events/shipping     [90mDLQ  0[m[90m│[m[90m│[m                                                                                  [90m│[m
[90m│[m  orders                    [33mDLQ 37[m[90m│[m[90m│[m                                                                                  [90m│[m
[1;32m├[m [1;32m3 Messages[m  [90mDLQ[m[90m│[m[1;32mActive[m [1;32m──────────┤[m[90m│[m                                                                                  [90m│[m
[1;32m│[m   5 [90m13:03 [mOrderPlaced[90m inv-1005[m   [1;32m│[m[90m│[m                                                                                  [90m│[m
[1;32m│[m[1;44m▸ [m[1;44m 6 [m[1;44m13:04 [m[1;44mOrderPlaced[m[1;44m inv-1006[m[1;44m   [m[1;32m│[m[90m│[m                                                                                  [90m│[m
[1;32m│[m   7 [90m13:05 [mOrderPlaced[90m inv-1007[m   [1;32m│[m[90m│[m                                                                                  [90m│[m
[1;32m│[m   8 [90m13:06 [mOrderPlaced[90m inv-1008[m   [1;32m│[m[90m│[m                                                                                  [90m│[m
[1;32m│[m   9 [90m13:07 [mOrderPlaced[90m inv-1009[m   [1;32m│[m[90m│[m                                                                                  [90m│[m
[1;32m│[m  10 [90m13:08 [mOrderPlaced[90m inv-1010[m   [1;32m│[m[90m│[m                                                                                  [90m│[m
[1;32m│[m  11 [90m13:09 [mOrderPlaced[90m inv-1011[m   [1;32m│[m[90m│[m                                                                                  [90m│[m
[1;32m│[m  12 [90m13:10 [mOrderPlaced[90m inv-1012[m   [1;32m│[m[90m│[m                                                                                  [90m│[m
[1;32m│[m  13 [90m13:11 [mOrderPlaced[90m inv-1013[m   [1;32m│[m[90m│[m                                                                                  [90m│[m
[1;32m│[m  14 [90m13:12 [mOrderPlaced[90m inv-1014[m   [1;32m│[m[90m│[m                                                                                  [90m│[m
[1;32m│[m  15 [90m13:13 [mOrderPlaced[90m inv-1015[m   [1;32m│[m[90m│[m                                                                                  [90m│[m
[1;32m│[m  16 [90m13:14 [mOrderPlaced[90m inv-1016[m   [1;32m│[m[90m│[m                                                                                  [90m│[m
[1;32m│[m                                  [1;32m│[m[90m│[m                                                                                  [90m│[m
[1;32m│[m                                  [1;32m│[m[90m│[m                                                                                  [90m│[m
[1;32m│[m                                  [1;32m│[m[90m├[m Log [90m─────────────────────────────────────────────────────────────────────────────┤[m
[1;32m│[m                                  [1;32m│[m[90m│[m[90m 16:00 [mlist namespaces → 2                                                        [90m│[m
[1;32m│[m                                  [1;32m│[m[90m│[m[90m 16:00 [mlist entities sb-prod-weu → 4                                              [90m│[m
[1;32m│[m                                  [1;32m│[m[90m│[m[90m 16:00 [mpeek invoices/$DLQ → 3                                                     [90m│[m
[1;32m│[m                                  [1;32m│[m[90m│[m[90m 16:00 [mpeek invoices → 12                                                         [90m│[m
[1;32m└──────────────────────────────────┘[m[90m└──────────────────────────────────────────────────────────────────────────────────┘[m
 [36menter[m focus main pane  [36mtab[m DLQ / Active  [36m[ ][m tab  [36m/[m filter  [36m:[m jump  [36m?[m keybindings  [36mq[m quit                              